// Jest Snapshot v1, https://goo.gl/fbAQLP

exports[`render addexppejd≈æ 1`] = `
<div>
  <h1>
    Add expens
  </h1>
  <ExpenseForm
    onSubmit={[Function]}
  />
</div>
`;
