// Jest Snapshot v1, https://goo.gl/fbAQLP

exports[`stir404 1`] = `
<div>
  404 - 
  <Link
    replace={false}
    to="/"
  >
    Pejt dam
  </Link>
</div>
`;
